Analysis & Synthesis report for UART_Server
Wed Jul 03 17:12:13 2024
Quartus Prime Version 17.0.0 Build 595 04/25/2017 SJ Lite Edition


---------------------
; Table of Contents ;
---------------------
  1. Legal Notice
  2. Analysis & Synthesis Summary
  3. Analysis & Synthesis Settings
  4. Parallel Compilation
  5. Analysis & Synthesis Source Files Read
  6. Analysis & Synthesis Resource Usage Summary
  7. Analysis & Synthesis Resource Utilization by Entity
  8. State Machine - |TOP|UART_Server:UART_Server_u1|mode_LED:mode_LED_u1|state_recv
  9. State Machine - |TOP|UART_Server:UART_Server_u1|receiver_OK_ser:receiver_OK_ser_u1|state
 10. State Machine - |TOP|UART_Server:UART_Server_u1|uart_rx:uart_rx_u1|stage_rx
 11. State Machine - |TOP|UART_Server:UART_Server_u1|uart_tx:uart_tx_u1|stage_tx
 12. Registers Removed During Synthesis
 13. Removed Registers Triggering Further Register Optimizations
 14. General Register Statistics
 15. Inverted Register Statistics
 16. Multiplexer Restructuring Statistics (Restructuring Performed)
 17. Parameter Settings for User Entity Instance: UART_Server:UART_Server_u1|uart_tx:uart_tx_u1|AT_SERVER_ROM:AT
 18. Post-Synthesis Netlist Statistics for Top Partition
 19. Elapsed Time Per Partition
 20. Analysis & Synthesis Messages



----------------
; Legal Notice ;
----------------
Copyright (C) 2017  Intel Corporation. All rights reserved.
Your use of Intel Corporation's design tools, logic functions 
and other software and tools, and its AMPP partner logic 
functions, and any output files from any of the foregoing 
(including device programming or simulation files), and any 
associated documentation or information are expressly subject 
to the terms and conditions of the Intel Program License 
Subscription Agreement, the Intel Quartus Prime License Agreement,
the Intel MegaCore Function License Agreement, or other 
applicable license agreement, including, without limitation, 
that your use is for the sole purpose of programming logic 
devices manufactured by Intel and sold by Intel or its 
authorized distributors.  Please refer to the applicable 
agreement for further details.



+-------------------------------------------------------------------------------+
; Analysis & Synthesis Summary                                                  ;
+---------------------------------+---------------------------------------------+
; Analysis & Synthesis Status     ; Successful - Wed Jul 03 17:12:13 2024       ;
; Quartus Prime Version           ; 17.0.0 Build 595 04/25/2017 SJ Lite Edition ;
; Revision Name                   ; UART_Server                                 ;
; Top-level Entity Name           ; TOP                                         ;
; Family                          ; Cyclone V                                   ;
; Logic utilization (in ALMs)     ; N/A                                         ;
; Total registers                 ; 93                                          ;
; Total pins                      ; 15                                          ;
; Total virtual pins              ; 0                                           ;
; Total block memory bits         ; 0                                           ;
; Total DSP Blocks                ; 0                                           ;
; Total HSSI RX PCSs              ; 0                                           ;
; Total HSSI PMA RX Deserializers ; 0                                           ;
; Total HSSI TX PCSs              ; 0                                           ;
; Total HSSI PMA TX Serializers   ; 0                                           ;
; Total PLLs                      ; 0                                           ;
; Total DLLs                      ; 0                                           ;
+---------------------------------+---------------------------------------------+


+---------------------------------------------------------------------------------------------------------------------------+
; Analysis & Synthesis Settings                                                                                             ;
+---------------------------------------------------------------------------------+--------------------+--------------------+
; Option                                                                          ; Setting            ; Default Value      ;
+---------------------------------------------------------------------------------+--------------------+--------------------+
; Device                                                                          ; 5CSEBA6U23I7       ;                    ;
; Top-level entity name                                                           ; TOP                ; UART_Server        ;
; Family name                                                                     ; Cyclone V          ; Cyclone V          ;
; Use smart compilation                                                           ; Off                ; Off                ;
; Enable parallel Assembler and TimeQuest Timing Analyzer during compilation      ; On                 ; On                 ;
; Enable compact report table                                                     ; Off                ; Off                ;
; Restructure Multiplexers                                                        ; Auto               ; Auto               ;
; MLAB Add Timing Constraints For Mixed-Port Feed-Through Mode Setting Don't Care ; Off                ; Off                ;
; Create Debugging Nodes for IP Cores                                             ; Off                ; Off                ;
; Preserve fewer node names                                                       ; On                 ; On                 ;
; OpenCore Plus hardware evaluation                                               ; Enable             ; Enable             ;
; Verilog Version                                                                 ; Verilog_2001       ; Verilog_2001       ;
; VHDL Version                                                                    ; VHDL_1993          ; VHDL_1993          ;
; State Machine Processing                                                        ; Auto               ; Auto               ;
; Safe State Machine                                                              ; Off                ; Off                ;
; Extract Verilog State Machines                                                  ; On                 ; On                 ;
; Extract VHDL State Machines                                                     ; On                 ; On                 ;
; Ignore Verilog initial constructs                                               ; Off                ; Off                ;
; Iteration limit for constant Verilog loops                                      ; 5000               ; 5000               ;
; Iteration limit for non-constant Verilog loops                                  ; 250                ; 250                ;
; Add Pass-Through Logic to Inferred RAMs                                         ; On                 ; On                 ;
; Infer RAMs from Raw Logic                                                       ; On                 ; On                 ;
; Parallel Synthesis                                                              ; On                 ; On                 ;
; DSP Block Balancing                                                             ; Auto               ; Auto               ;
; NOT Gate Push-Back                                                              ; On                 ; On                 ;
; Power-Up Don't Care                                                             ; On                 ; On                 ;
; Remove Redundant Logic Cells                                                    ; Off                ; Off                ;
; Remove Duplicate Registers                                                      ; On                 ; On                 ;
; Ignore CARRY Buffers                                                            ; Off                ; Off                ;
; Ignore CASCADE Buffers                                                          ; Off                ; Off                ;
; Ignore GLOBAL Buffers                                                           ; Off                ; Off                ;
; Ignore ROW GLOBAL Buffers                                                       ; Off                ; Off                ;
; Ignore LCELL Buffers                                                            ; Off                ; Off                ;
; Ignore SOFT Buffers                                                             ; On                 ; On                 ;
; Limit AHDL Integers to 32 Bits                                                  ; Off                ; Off                ;
; Optimization Technique                                                          ; Balanced           ; Balanced           ;
; Carry Chain Length                                                              ; 70                 ; 70                 ;
; Auto Carry Chains                                                               ; On                 ; On                 ;
; Auto Open-Drain Pins                                                            ; On                 ; On                 ;
; Perform WYSIWYG Primitive Resynthesis                                           ; Off                ; Off                ;
; Auto ROM Replacement                                                            ; On                 ; On                 ;
; Auto RAM Replacement                                                            ; On                 ; On                 ;
; Auto DSP Block Replacement                                                      ; On                 ; On                 ;
; Auto Shift Register Replacement                                                 ; Auto               ; Auto               ;
; Allow Shift Register Merging across Hierarchies                                 ; Auto               ; Auto               ;
; Auto Clock Enable Replacement                                                   ; On                 ; On                 ;
; Strict RAM Replacement                                                          ; Off                ; Off                ;
; Allow Synchronous Control Signals                                               ; On                 ; On                 ;
; Force Use of Synchronous Clear Signals                                          ; Off                ; Off                ;
; Auto Resource Sharing                                                           ; Off                ; Off                ;
; Allow Any RAM Size For Recognition                                              ; Off                ; Off                ;
; Allow Any ROM Size For Recognition                                              ; Off                ; Off                ;
; Allow Any Shift Register Size For Recognition                                   ; Off                ; Off                ;
; Use LogicLock Constraints during Resource Balancing                             ; On                 ; On                 ;
; Ignore translate_off and synthesis_off directives                               ; Off                ; Off                ;
; Timing-Driven Synthesis                                                         ; On                 ; On                 ;
; Report Parameter Settings                                                       ; On                 ; On                 ;
; Report Source Assignments                                                       ; On                 ; On                 ;
; Report Connectivity Checks                                                      ; On                 ; On                 ;
; Ignore Maximum Fan-Out Assignments                                              ; Off                ; Off                ;
; Synchronization Register Chain Length                                           ; 3                  ; 3                  ;
; PowerPlay Power Optimization During Synthesis                                   ; Normal compilation ; Normal compilation ;
; HDL message level                                                               ; Level2             ; Level2             ;
; Suppress Register Optimization Related Messages                                 ; Off                ; Off                ;
; Number of Removed Registers Reported in Synthesis Report                        ; 5000               ; 5000               ;
; Number of Swept Nodes Reported in Synthesis Report                              ; 5000               ; 5000               ;
; Number of Inverted Registers Reported in Synthesis Report                       ; 100                ; 100                ;
; Clock MUX Protection                                                            ; On                 ; On                 ;
; Auto Gated Clock Conversion                                                     ; Off                ; Off                ;
; Block Design Naming                                                             ; Auto               ; Auto               ;
; SDC constraint protection                                                       ; Off                ; Off                ;
; Synthesis Effort                                                                ; Auto               ; Auto               ;
; Shift Register Replacement - Allow Asynchronous Clear Signal                    ; On                 ; On                 ;
; Pre-Mapping Resynthesis Optimization                                            ; Off                ; Off                ;
; Analysis & Synthesis Message Level                                              ; Medium             ; Medium             ;
; Disable Register Merging Across Hierarchies                                     ; Auto               ; Auto               ;
; Resource Aware Inference For Block RAM                                          ; On                 ; On                 ;
; Automatic Parallel Synthesis                                                    ; On                 ; On                 ;
; Partial Reconfiguration Bitstream ID                                            ; Off                ; Off                ;
+---------------------------------------------------------------------------------+--------------------+--------------------+


+------------------------------------------+
; Parallel Compilation                     ;
+----------------------------+-------------+
; Processors                 ; Number      ;
+----------------------------+-------------+
; Number detected on machine ; 12          ;
; Maximum allowed            ; 6           ;
;                            ;             ;
; Average used               ; 1.00        ;
; Maximum used               ; 6           ;
;                            ;             ;
; Usage by Processor         ; % Time Used ;
;     Processor 1            ; 100.0%      ;
;     Processors 2-6         ;   0.0%      ;
+----------------------------+-------------+


+---------------------------------------------------------------------------------------------------------------------------------------------------+
; Analysis & Synthesis Source Files Read                                                                                                            ;
+----------------------------------+-----------------+------------------------+-----------------------------------------------------------+---------+
; File Name with User-Entered Path ; Used in Netlist ; File Type              ; File Name with Absolute Path                              ; Library ;
+----------------------------------+-----------------+------------------------+-----------------------------------------------------------+---------+
; TOP.v                            ; yes             ; User Verilog HDL File  ; D:/yuchi/UART_Final/VERILOG/UART_Server/TOP.v             ;         ;
; UART_Server.v                    ; yes             ; User Verilog HDL File  ; D:/yuchi/UART_Final/VERILOG/UART_Server/UART_Server.v     ;         ;
; uart_tx.v                        ; yes             ; User Verilog HDL File  ; D:/yuchi/UART_Final/VERILOG/UART_Server/uart_tx.v         ;         ;
; AT_SERVER_ROM.v                  ; yes             ; User Verilog HDL File  ; D:/yuchi/UART_Final/VERILOG/UART_Server/AT_SERVER_ROM.v   ;         ;
; uart_rx.v                        ; yes             ; User Verilog HDL File  ; D:/yuchi/UART_Final/VERILOG/UART_Server/uart_rx.v         ;         ;
; receiver_OK_ser.v                ; yes             ; User Verilog HDL File  ; D:/yuchi/UART_Final/VERILOG/UART_Server/receiver_OK_ser.v ;         ;
; mode_LED.v                       ; yes             ; User Verilog HDL File  ; D:/yuchi/UART_Final/VERILOG/UART_Server/mode_LED.v        ;         ;
; rom_at_server.txt                ; yes             ; Auto-Found File        ; D:/yuchi/UART_Final/VERILOG/UART_Server/rom_at_server.txt ;         ;
+----------------------------------+-----------------+------------------------+-----------------------------------------------------------+---------+


+-----------------------------------------------------------+
; Analysis & Synthesis Resource Usage Summary               ;
+---------------------------------------------+-------------+
; Resource                                    ; Usage       ;
+---------------------------------------------+-------------+
; Estimate of Logic utilization (ALMs needed) ; 97          ;
;                                             ;             ;
; Combinational ALUT usage for logic          ; 145         ;
;     -- 7 input functions                    ; 1           ;
;     -- 6 input functions                    ; 45          ;
;     -- 5 input functions                    ; 22          ;
;     -- 4 input functions                    ; 27          ;
;     -- <=3 input functions                  ; 50          ;
;                                             ;             ;
; Dedicated logic registers                   ; 93          ;
;                                             ;             ;
; I/O pins                                    ; 15          ;
;                                             ;             ;
; Total DSP Blocks                            ; 0           ;
;                                             ;             ;
; Maximum fan-out node                        ; RST_n~input ;
; Maximum fan-out                             ; 94          ;
; Total fan-out                               ; 988         ;
; Average fan-out                             ; 3.69        ;
+---------------------------------------------+-------------+


+------------------------------------------------------------------------------------------------------------------------------------------------------------------------------------------------------------------------------------------------------------+
; Analysis & Synthesis Resource Utilization by Entity                                                                                                                                                                                                        ;
+--------------------------------------------+---------------------+---------------------------+-------------------+------------+------+--------------+---------------------------------------------------------------------+-----------------+--------------+
; Compilation Hierarchy Node                 ; Combinational ALUTs ; Dedicated Logic Registers ; Block Memory Bits ; DSP Blocks ; Pins ; Virtual Pins ; Full Hierarchy Name                                                 ; Entity Name     ; Library Name ;
+--------------------------------------------+---------------------+---------------------------+-------------------+------------+------+--------------+---------------------------------------------------------------------+-----------------+--------------+
; |TOP                                       ; 145 (0)             ; 93 (0)                    ; 0                 ; 0          ; 15   ; 0            ; |TOP                                                                ; TOP             ; work         ;
;    |UART_Server:UART_Server_u1|            ; 145 (0)             ; 93 (0)                    ; 0                 ; 0          ; 0    ; 0            ; |TOP|UART_Server:UART_Server_u1                                     ; UART_Server     ; work         ;
;       |mode_LED:mode_LED_u1|               ; 19 (19)             ; 18 (18)                   ; 0                 ; 0          ; 0    ; 0            ; |TOP|UART_Server:UART_Server_u1|mode_LED:mode_LED_u1                ; mode_LED        ; work         ;
;       |receiver_OK_ser:receiver_OK_ser_u1| ; 10 (10)             ; 5 (5)                     ; 0                 ; 0          ; 0    ; 0            ; |TOP|UART_Server:UART_Server_u1|receiver_OK_ser:receiver_OK_ser_u1  ; receiver_OK_ser ; work         ;
;       |uart_rx:uart_rx_u1|                 ; 37 (37)             ; 39 (39)                   ; 0                 ; 0          ; 0    ; 0            ; |TOP|UART_Server:UART_Server_u1|uart_rx:uart_rx_u1                  ; uart_rx         ; work         ;
;       |uart_tx:uart_tx_u1|                 ; 79 (49)             ; 31 (31)                   ; 0                 ; 0          ; 0    ; 0            ; |TOP|UART_Server:UART_Server_u1|uart_tx:uart_tx_u1                  ; uart_tx         ; work         ;
;          |AT_SERVER_ROM:AT|                ; 30 (30)             ; 0 (0)                     ; 0                 ; 0          ; 0    ; 0            ; |TOP|UART_Server:UART_Server_u1|uart_tx:uart_tx_u1|AT_SERVER_ROM:AT ; AT_SERVER_ROM   ; work         ;
+--------------------------------------------+---------------------+---------------------------+-------------------+------------+------+--------------+---------------------------------------------------------------------+-----------------+--------------+
Note: For table entries with two numbers listed, the numbers in parentheses indicate the number of resources of the given type used by the specific entity alone. The numbers listed outside of parentheses indicate the total resources of the given type used by the specific entity and all of its sub-entities in the hierarchy.


Encoding Type:  One-Hot
+-----------------------------------------------------------------------------------------------------------+
; State Machine - |TOP|UART_Server:UART_Server_u1|mode_LED:mode_LED_u1|state_recv                           ;
+-----------------+-----------------+-----------------+-----------------+-----------------+-----------------+
; Name            ; state_recv.0011 ; state_recv.0010 ; state_recv.0001 ; state_recv.0000 ; state_recv.0100 ;
+-----------------+-----------------+-----------------+-----------------+-----------------+-----------------+
; state_recv.0000 ; 0               ; 0               ; 0               ; 0               ; 0               ;
; state_recv.0001 ; 0               ; 0               ; 1               ; 1               ; 0               ;
; state_recv.0010 ; 0               ; 1               ; 0               ; 1               ; 0               ;
; state_recv.0011 ; 1               ; 0               ; 0               ; 1               ; 0               ;
; state_recv.0100 ; 0               ; 0               ; 0               ; 1               ; 1               ;
+-----------------+-----------------+-----------------+-----------------+-----------------+-----------------+


Encoding Type:  One-Hot
+------------------------------------------------------------------------------------------+
; State Machine - |TOP|UART_Server:UART_Server_u1|receiver_OK_ser:receiver_OK_ser_u1|state ;
+-----------+-----------+-----------+-----------+------------------------------------------+
; Name      ; state.011 ; state.010 ; state.001 ; state.000                                ;
+-----------+-----------+-----------+-----------+------------------------------------------+
; state.000 ; 0         ; 0         ; 0         ; 0                                        ;
; state.001 ; 0         ; 0         ; 1         ; 1                                        ;
; state.010 ; 0         ; 1         ; 0         ; 1                                        ;
; state.011 ; 1         ; 0         ; 0         ; 1                                        ;
+-----------+-----------+-----------+-----------+------------------------------------------+


Encoding Type:  One-Hot
+--------------------------------------------------------------------------------+
; State Machine - |TOP|UART_Server:UART_Server_u1|uart_rx:uart_rx_u1|stage_rx    ;
+-----------------------+----------------+---------------+-----------------------+
; Name                  ; stage_rx.START ; stage_rx.STOP ; stage_rx.RECEIVE_DATA ;
+-----------------------+----------------+---------------+-----------------------+
; stage_rx.START        ; 0              ; 0             ; 0                     ;
; stage_rx.RECEIVE_DATA ; 1              ; 0             ; 1                     ;
; stage_rx.STOP         ; 1              ; 1             ; 0                     ;
+-----------------------+----------------+---------------+-----------------------+


Encoding Type:  One-Hot
+------------------------------------------------------------------------------------------+
; State Machine - |TOP|UART_Server:UART_Server_u1|uart_tx:uart_tx_u1|stage_tx              ;
+--------------------+---------------+--------------------+----------------+---------------+
; Name               ; stage_tx.STOP ; stage_tx.SEND_DATA ; stage_tx.START ; stage_tx.IDLE ;
+--------------------+---------------+--------------------+----------------+---------------+
; stage_tx.IDLE      ; 0             ; 0                  ; 0              ; 0             ;
; stage_tx.START     ; 0             ; 0                  ; 1              ; 1             ;
; stage_tx.SEND_DATA ; 0             ; 1                  ; 0              ; 1             ;
; stage_tx.STOP      ; 1             ; 0                  ; 0              ; 1             ;
+--------------------+---------------+--------------------+----------------+---------------+


+----------------------------------------------------------------------------------------------------------------+
; Registers Removed During Synthesis                                                                             ;
+-----------------------------------------------------------------------+----------------------------------------+
; Register name                                                         ; Reason for Removal                     ;
+-----------------------------------------------------------------------+----------------------------------------+
; UART_Server:UART_Server_u1|mode_LED:mode_LED_u1|LED[7]                ; Stuck at GND due to stuck port data_in ;
; UART_Server:UART_Server_u1|mode_LED:mode_LED_u1|rx_reg[3]             ; Stuck at GND due to stuck port data_in ;
; UART_Server:UART_Server_u1|mode_LED:mode_LED_u1|LED_select[3]         ; Stuck at GND due to stuck port data_in ;
; UART_Server:UART_Server_u1|mode_LED:mode_LED_u1|state_recv~4          ; Lost fanout                            ;
; UART_Server:UART_Server_u1|mode_LED:mode_LED_u1|state_recv~5          ; Lost fanout                            ;
; UART_Server:UART_Server_u1|mode_LED:mode_LED_u1|state_recv~7          ; Lost fanout                            ;
; UART_Server:UART_Server_u1|receiver_OK_ser:receiver_OK_ser_u1|state~4 ; Lost fanout                            ;
; UART_Server:UART_Server_u1|receiver_OK_ser:receiver_OK_ser_u1|state~5 ; Lost fanout                            ;
; UART_Server:UART_Server_u1|receiver_OK_ser:receiver_OK_ser_u1|state~6 ; Lost fanout                            ;
; UART_Server:UART_Server_u1|uart_rx:uart_rx_u1|stage_rx~6              ; Lost fanout                            ;
; UART_Server:UART_Server_u1|uart_tx:uart_tx_u1|stage_tx~5              ; Lost fanout                            ;
; UART_Server:UART_Server_u1|uart_tx:uart_tx_u1|stage_tx~6              ; Lost fanout                            ;
; UART_Server:UART_Server_u1|uart_tx:uart_tx_u1|stage_tx~7              ; Lost fanout                            ;
; Total Number of Removed Registers = 13                                ;                                        ;
+-----------------------------------------------------------------------+----------------------------------------+


+-------------------------------------------------------------------------------------------------------------------------------------------------------+
; Removed Registers Triggering Further Register Optimizations                                                                                           ;
+-----------------------------------------------------------+---------------------------+---------------------------------------------------------------+
; Register name                                             ; Reason for Removal        ; Registers Removed due to This Register                        ;
+-----------------------------------------------------------+---------------------------+---------------------------------------------------------------+
; UART_Server:UART_Server_u1|mode_LED:mode_LED_u1|rx_reg[3] ; Stuck at GND              ; UART_Server:UART_Server_u1|mode_LED:mode_LED_u1|LED_select[3] ;
;                                                           ; due to stuck port data_in ;                                                               ;
+-----------------------------------------------------------+---------------------------+---------------------------------------------------------------+


+------------------------------------------------------+
; General Register Statistics                          ;
+----------------------------------------------+-------+
; Statistic                                    ; Value ;
+----------------------------------------------+-------+
; Total registers                              ; 93    ;
; Number of registers using Synchronous Clear  ; 30    ;
; Number of registers using Synchronous Load   ; 0     ;
; Number of registers using Asynchronous Clear ; 93    ;
; Number of registers using Asynchronous Load  ; 0     ;
; Number of registers using Clock Enable       ; 43    ;
; Number of registers using Preset             ; 0     ;
+----------------------------------------------+-------+


+------------------------------------------------------------+
; Inverted Register Statistics                               ;
+--------------------------------------------------+---------+
; Inverted Register                                ; Fan out ;
+--------------------------------------------------+---------+
; UART_Server:UART_Server_u1|uart_tx:uart_tx_u1|tx ; 2       ;
; Total number of inverted registers = 1           ;         ;
+--------------------------------------------------+---------+


+------------------------------------------------------------------------------------------------------------------------------------------------------------------------------+
; Multiplexer Restructuring Statistics (Restructuring Performed)                                                                                                               ;
+--------------------+-----------+---------------+----------------------+------------------------+------------+----------------------------------------------------------------+
; Multiplexer Inputs ; Bus Width ; Baseline Area ; Area if Restructured ; Saving if Restructured ; Registered ; Example Multiplexer Output                                     ;
+--------------------+-----------+---------------+----------------------+------------------------+------------+----------------------------------------------------------------+
; 3:1                ; 9 bits    ; 18 LEs        ; 0 LEs                ; 18 LEs                 ; Yes        ; |TOP|UART_Server:UART_Server_u1|uart_rx:uart_rx_u1|rx_data[3]  ;
; 3:1                ; 9 bits    ; 18 LEs        ; 0 LEs                ; 18 LEs                 ; Yes        ; |TOP|UART_Server:UART_Server_u1|uart_rx:uart_rx_u1|cnt_baud[7] ;
; 3:1                ; 2 bits    ; 4 LEs         ; 4 LEs                ; 0 LEs                  ; No         ; |TOP|UART_Server:UART_Server_u1|uart_rx:uart_rx_u1|stage_rx    ;
+--------------------+-----------+---------------+----------------------+------------------------+------------+----------------------------------------------------------------+


+-------------------------------------------------------------------------------------------------------------+
; Parameter Settings for User Entity Instance: UART_Server:UART_Server_u1|uart_tx:uart_tx_u1|AT_SERVER_ROM:AT ;
+----------------+-------+------------------------------------------------------------------------------------+
; Parameter Name ; Value ; Type                                                                               ;
+----------------+-------+------------------------------------------------------------------------------------+
; DATA_WIDTH     ; 8     ; Signed Integer                                                                     ;
; ADDR_WIDTH     ; 8     ; Signed Integer                                                                     ;
+----------------+-------+------------------------------------------------------------------------------------+
Note: In order to hide this table in the UI and the text report file, please set the "Show Parameter Settings in Synthesis Report" option in "Analysis and Synthesis Settings -> More Settings" to "Off".


+-----------------------------------------------------+
; Post-Synthesis Netlist Statistics for Top Partition ;
+-----------------------+-----------------------------+
; Type                  ; Count                       ;
+-----------------------+-----------------------------+
; arriav_ff             ; 93                          ;
;     CLR               ; 29                          ;
;     CLR SCLR          ; 21                          ;
;     ENA CLR           ; 34                          ;
;     ENA CLR SCLR      ; 9                           ;
; arriav_lcell_comb     ; 147                         ;
;     arith             ; 25                          ;
;         1 data inputs ; 24                          ;
;         2 data inputs ; 1                           ;
;     extend            ; 1                           ;
;         7 data inputs ; 1                           ;
;     normal            ; 121                         ;
;         0 data inputs ; 1                           ;
;         1 data inputs ; 2                           ;
;         2 data inputs ; 5                           ;
;         3 data inputs ; 19                          ;
;         4 data inputs ; 27                          ;
;         5 data inputs ; 22                          ;
;         6 data inputs ; 45                          ;
; boundary_port         ; 15                          ;
;                       ;                             ;
; Max LUT depth         ; 4.00                        ;
; Average LUT depth     ; 2.23                        ;
+-----------------------+-----------------------------+


+-------------------------------+
; Elapsed Time Per Partition    ;
+----------------+--------------+
; Partition Name ; Elapsed Time ;
+----------------+--------------+
; Top            ; 00:00:00     ;
+----------------+--------------+


+-------------------------------+
; Analysis & Synthesis Messages ;
+-------------------------------+
Info: *******************************************************************
Info: Running Quartus Prime Analysis & Synthesis
    Info: Version 17.0.0 Build 595 04/25/2017 SJ Lite Edition
    Info: Processing started: Wed Jul 03 17:12:07 2024
Info: Command: quartus_map --read_settings_files=on --write_settings_files=off UART_Server -c UART_Server
Warning (18236): Number of processors has not been specified which may cause overloading on shared machines.  Set the global assignment NUM_PARALLEL_PROCESSORS in your QSF to an appropriate value for best performance.
Info (20030): Parallel compilation is enabled and will use 6 of the 6 processors detected
Info (12021): Found 1 design units, including 1 entities, in source file top.v
    Info (12023): Found entity 1: TOP File: D:/yuchi/UART_Final/VERILOG/UART_Server/TOP.v Line: 1
Info (12021): Found 1 design units, including 1 entities, in source file uart_server.v
    Info (12023): Found entity 1: UART_Server File: D:/yuchi/UART_Final/VERILOG/UART_Server/UART_Server.v Line: 1
Info (12021): Found 1 design units, including 1 entities, in source file uart_tx.v
    Info (12023): Found entity 1: uart_tx File: D:/yuchi/UART_Final/VERILOG/UART_Server/uart_tx.v Line: 1
Info (12021): Found 1 design units, including 1 entities, in source file at_server_rom.v
    Info (12023): Found entity 1: AT_SERVER_ROM File: D:/yuchi/UART_Final/VERILOG/UART_Server/AT_SERVER_ROM.v Line: 1
Info (12021): Found 1 design units, including 1 entities, in source file uart_rx.v
    Info (12023): Found entity 1: uart_rx File: D:/yuchi/UART_Final/VERILOG/UART_Server/uart_rx.v Line: 1
Info (12021): Found 1 design units, including 1 entities, in source file receiver_ok_ser.v
    Info (12023): Found entity 1: receiver_OK_ser File: D:/yuchi/UART_Final/VERILOG/UART_Server/receiver_OK_ser.v Line: 1
Info (12021): Found 1 design units, including 1 entities, in source file mode_led.v
    Info (12023): Found entity 1: mode_LED File: D:/yuchi/UART_Final/VERILOG/UART_Server/mode_LED.v Line: 1
Info (12021): Found 1 design units, including 1 entities, in source file testbench.v
    Info (12023): Found entity 1: testbench File: D:/yuchi/UART_Final/VERILOG/UART_Server/testbench.v Line: 2
Info (12127): Elaborating entity "TOP" for the top level hierarchy
Info (12128): Elaborating entity "UART_Server" for hierarchy "UART_Server:UART_Server_u1" File: D:/yuchi/UART_Final/VERILOG/UART_Server/TOP.v Line: 20
Info (12128): Elaborating entity "uart_tx" for hierarchy "UART_Server:UART_Server_u1|uart_tx:uart_tx_u1" File: D:/yuchi/UART_Final/VERILOG/UART_Server/UART_Server.v Line: 28
Info (12128): Elaborating entity "AT_SERVER_ROM" for hierarchy "UART_Server:UART_Server_u1|uart_tx:uart_tx_u1|AT_SERVER_ROM:AT" File: D:/yuchi/UART_Final/VERILOG/UART_Server/uart_tx.v Line: 39
Warning (10850): Verilog HDL warning at AT_SERVER_ROM.v(13): number of words (159) in memory file does not match the number of elements in the address range [0:255] File: D:/yuchi/UART_Final/VERILOG/UART_Server/AT_SERVER_ROM.v Line: 13
Warning (10030): Net "rom.data_a" at AT_SERVER_ROM.v(9) has no driver or initial value, using a default initial value '0' File: D:/yuchi/UART_Final/VERILOG/UART_Server/AT_SERVER_ROM.v Line: 9
Warning (10030): Net "rom.waddr_a" at AT_SERVER_ROM.v(9) has no driver or initial value, using a default initial value '0' File: D:/yuchi/UART_Final/VERILOG/UART_Server/AT_SERVER_ROM.v Line: 9
Warning (10030): Net "rom.we_a" at AT_SERVER_ROM.v(9) has no driver or initial value, using a default initial value '0' File: D:/yuchi/UART_Final/VERILOG/UART_Server/AT_SERVER_ROM.v Line: 9
Info (12128): Elaborating entity "uart_rx" for hierarchy "UART_Server:UART_Server_u1|uart_rx:uart_rx_u1" File: D:/yuchi/UART_Final/VERILOG/UART_Server/UART_Server.v Line: 36
Warning (10036): Verilog HDL or VHDL warning at uart_rx.v(32): object "start_cnt" assigned a value but never read File: D:/yuchi/UART_Final/VERILOG/UART_Server/uart_rx.v Line: 32
Info (12128): Elaborating entity "receiver_OK_ser" for hierarchy "UART_Server:UART_Server_u1|receiver_OK_ser:receiver_OK_ser_u1" File: D:/yuchi/UART_Final/VERILOG/UART_Server/UART_Server.v Line: 45
Info (12128): Elaborating entity "mode_LED" for hierarchy "UART_Server:UART_Server_u1|mode_LED:mode_LED_u1" File: D:/yuchi/UART_Final/VERILOG/UART_Server/UART_Server.v Line: 54
Info (276014): Found 1 instances of uninferred RAM logic
    Info (276007): RAM logic "UART_Server:UART_Server_u1|uart_tx:uart_tx_u1|AT_SERVER_ROM:AT|rom" is uninferred due to asynchronous read logic File: D:/yuchi/UART_Final/VERILOG/UART_Server/AT_SERVER_ROM.v Line: 9
Warning (127007): Memory Initialization File or Hexadecimal (Intel-Format) File "D:/yuchi/UART_Final/VERILOG/UART_Server/db/UART_Server.ram0_AT_SERVER_ROM_d6bb3bb1.hdl.mif" contains "don't care" values -- overwriting them with 0s
Warning (13024): Output pins are stuck at VCC or GND
    Warning (13410): Pin "LED[7]" is stuck at GND File: D:/yuchi/UART_Final/VERILOG/UART_Server/TOP.v Line: 6
Info (286030): Timing-Driven Synthesis is running
Info (17049): 10 registers lost all their fanouts during netlist optimizations.
Info (16010): Generating hard_block partition "hard_block:auto_generated_inst"
    Info (16011): Adding 0 node(s), including 0 DDIO, 0 PLL, 0 transceiver and 0 LCELL
Info (21057): Implemented 187 device resources after synthesis - the final resource count might be different
    Info (21058): Implemented 4 input pins
    Info (21059): Implemented 11 output pins
    Info (21061): Implemented 172 logic cells
Info: Quartus Prime Analysis & Synthesis was successful. 0 errors, 9 warnings
    Info: Peak virtual memory: 4843 megabytes
    Info: Processing ended: Wed Jul 03 17:12:13 2024
    Info: Elapsed time: 00:00:06
    Info: Total CPU time (on all processors): 00:00:14


